/bin/sh: 1: idf.py: not found
